// Jest Snapshot v1, https://goo.gl/fbAQLP

exports[`#createDeviceEntity should convert to device entity 1`] = `
Object {
  "_class": Array [
    "Device",
  ],
  "_key": "google_mobile_device_deviceId",
  "_rawData": Array [
    Object {
      "name": "default",
      "rawData": Object {
        "deviceId": "deviceId",
        "email": Array [
          "liz@example.com",
        ],
        "firstSync": "2013-06-05T17:30:04.325Z",
        "hardwareId": "9123456780",
        "kind": "directory#mobiledevice",
        "lastSync": "2013-08-12T17:30:04.325Z",
        "model": "Galaxy Nexus",
        "name": Array [
          "Liz",
        ],
        "os": "Android 4.2.2",
        "resourceId": "resourceId",
        "status": "APPROVED",
        "type": "ANDROID",
        "userAgent": "Google Apps Device Policy 4.14",
      },
    },
  ],
  "_type": "google_mobile_device",
  "active": undefined,
  "adbStatus": undefined,
  "applications": undefined,
  "brand": undefined,
  "category": "mobile",
  "createdOn": undefined,
  "deviceCompromisedStatus": undefined,
  "deviceId": "deviceId",
  "displayName": Array [
    "Liz",
  ],
  "email": "liz@example.com",
  "encryptionStatus": undefined,
  "firstSyncOn": 1370453404325,
  "hardware": undefined,
  "hardwareId": "9123456780",
  "id": "deviceId",
  "imei": undefined,
  "lastSyncOn": 1376328604325,
  "macAddress": undefined,
  "make": "Galaxy Nexus",
  "manufacturer": undefined,
  "model": "Galaxy Nexus",
  "name": Array [
    "Liz",
  ],
  "os": "Android 4.2.2",
  "ownerName": "Liz",
  "serial": undefined,
  "status": "APPROVED",
  "type": "ANDROID",
  "userAgent": "Google Apps Device Policy 4.14",
  "wifiMacAddress": undefined,
}
`;

exports[`#createExpandedDeviceEntity should convert to device entity with more props 1`] = `
Object {
  "_class": Array [
    "Device",
  ],
  "_key": "google_mobile_device_deviceId",
  "_rawData": Array [
    Object {
      "name": "default",
      "rawData": Object {
        "adbStatus": true,
        "applications": Array [
          Object {
            "displayName": "SomeApp",
            "packageName": "some package",
            "permission": Array [
              "yep",
              "nope",
            ],
            "versionCode": 9876545,
            "versionName": "some version",
          },
        ],
        "brand": "My brand",
        "deviceCompromisedStatus": "not yet",
        "deviceId": "deviceId",
        "email": Array [
          "sales@example.com",
        ],
        "encryptionStatus": "not today",
        "firstSync": "2013-05-15T17:30:04.325Z",
        "hardware": "Home Depot",
        "hardwareId": "1234567890",
        "imei": "1234567fghjtyty",
        "kind": "directory#mobiledevice",
        "lastSync": "2013-06-05T17:30:04.325Z",
        "manufacturer": "Google",
        "model": "Nexus 4",
        "name": Array [
          "Sales",
        ],
        "os": "Android 4.2.2",
        "resourceId": "resourceId",
        "serialNumber": "123456789ABC",
        "status": "APPROVED",
        "type": "ANDROID",
        "userAgent": "Google Apps Device Policy 4.14",
        "wifiMacAddress": "00:00:00:00:00:01",
      },
    },
  ],
  "_type": "google_mobile_device",
  "active": undefined,
  "adbStatus": true,
  "applications": "[{\\"displayName\\":\\"SomeApp\\",\\"packageName\\":\\"some package\\",\\"permission\\":[\\"yep\\",\\"nope\\"],\\"versionCode\\":9876545,\\"versionName\\":\\"some version\\"}]",
  "brand": "My brand",
  "category": "mobile",
  "createdOn": undefined,
  "deviceCompromisedStatus": "not yet",
  "deviceId": "deviceId",
  "displayName": Array [
    "Sales",
  ],
  "email": "sales@example.com",
  "encryptionStatus": "not today",
  "firstSyncOn": 1368639004325,
  "hardware": "Home Depot",
  "hardwareId": "1234567890",
  "id": "deviceId",
  "imei": "1234567fghjtyty",
  "lastSyncOn": 1370453404325,
  "macAddress": "00:00:00:00:00:01",
  "make": "Nexus 4",
  "manufacturer": "Google",
  "model": "Nexus 4",
  "name": Array [
    "Sales",
  ],
  "os": "Android 4.2.2",
  "ownerName": "Sales",
  "serial": "123456789ABC",
  "status": "APPROVED",
  "type": "ANDROID",
  "userAgent": "Google Apps Device Policy 4.14",
  "wifiMacAddress": "00:00:00:00:00:01",
}
`;
