// Jest Snapshot v1, https://goo.gl/fbAQLP

exports[`#createUserEntity should convert to entity 1`] = `
Object {
  "_class": Array [
    "User",
  ],
  "_key": "google_user_123456789",
  "_rawData": Array [
    Object {
      "name": "default",
      "rawData": Object {
        "agreedToTerms": true,
        "archived": false,
        "changePasswordAtNextLogin": false,
        "creationTime": "2020-08-13T19:03:11.000Z",
        "customerId": "abc123",
        "emails": Array [
          Object {
            "address": "john.doe@jupiterone.io",
            "primary": true,
            "type": "work",
          },
        ],
        "etag": "abcdef",
        "id": "123456789",
        "includeInGlobalAddressList": true,
        "ipWhitelisted": false,
        "isAdmin": false,
        "isDelegatedAdmin": false,
        "isEnforcedIn2Sv": true,
        "isEnrolledIn2Sv": true,
        "isMailboxSetup": true,
        "kind": "admin#directory#user",
        "lastLoginTime": "2020-08-27T00:57:59.000Z",
        "locations": Array [
          Object {
            "area": "desk",
            "buildingId": "RTP",
            "type": "desk",
          },
        ],
        "name": Object {
          "familyName": "Doe",
          "fullName": "John Doe",
          "givenName": "John",
        },
        "orgUnitPath": "/Marketing",
        "organizations": Array [
          Object {
            "customType": "",
            "department": "Marketing",
            "primary": true,
            "title": "CMO",
          },
        ],
        "primaryEmail": "john.doe@jupiterone.io",
        "recoveryEmail": "john.doe.recovery@jupiterone.io",
        "recoveryPhone": "+19999999999",
        "relations": Array [
          Object {
            "type": "manager",
            "value": "john.doe.manager@jupiterone.io",
          },
        ],
        "suspended": false,
      },
    },
  ],
  "_type": "google_user",
  "active": true,
  "agreedToTerms": true,
  "aliases": undefined,
  "archived": false,
  "changePasswordAtNextLogin": false,
  "costCenter": undefined,
  "createdOn": 1597345391000,
  "creationTime": 1597345391000,
  "customType": "",
  "customerId": "abc123",
  "deletionTime": undefined,
  "department": "Marketing",
  "displayName": "John Doe",
  "email": "john.doe@jupiterone.io",
  "firstName": "John",
  "hashFunction": undefined,
  "id": "123456789",
  "includeInGlobalAddressList": true,
  "ipWhitelisted": false,
  "isAdmin": false,
  "isDelegatedAdmin": false,
  "isEnforcedIn2Sv": true,
  "isEnrolledIn2Sv": true,
  "isMailboxSetup": true,
  "kind": "admin#directory#user",
  "lastLoginTime": 1598489879000,
  "lastName": "Doe",
  "managerEmail": "john.doe.manager@jupiterone.io",
  "managerRelation": "john.doe.manager@jupiterone.io",
  "mfaEnabled": true,
  "name": "John Doe",
  "orgUnitPath": "/Marketing",
  "primaryEmail": "john.doe@jupiterone.io",
  "recoveryEmail": "john.doe.recovery@jupiterone.io",
  "recoveryPhone": "+19999999999",
  "role": undefined,
  "suspended": false,
  "suspensionReason": undefined,
  "thumbnailPhotoEtag": undefined,
  "thumbnailPhotoUrl": undefined,
  "title": "CMO",
  "username": "john.doe",
  "workEmail": "john.doe@jupiterone.io",
}
`;
